// Jest Snapshot v1, https://goo.gl/fbAQLP

exports[`pruebasa en >AddCategory debe de mostrarse correctamente 1`] = `
<div>
  <h2>
     
     
     
  </h2>
  <form
    onSubmit={[Function]}
  >
    <input
      onChange={[Function]}
      type="text"
      value=" "
    />
  </form>
  <button
    onClick={[Function]}
  >
     Agregar 
  </button>
</div>
`;
